// Vitest Snapshot v1, https://vitest.dev/guide/snapshot.html

exports[`PlayerShell > matches snapshot with complete layout 1`] = `
<DocumentFragment>
  <div
    class="grid h-screen w-screen grid-rows-[auto_1fr_auto] overflow-hidden"
  >
    <header
      class="bg-background border-border flex h-12 items-center border-b-2 px-4"
    >
      <svg
        class="inline-flex h-6 w-6"
        height="100"
        viewBox="0 0 100 100"
        width="100"
        xmlns="http://www.w3.org/2000/svg"
      >
        <g
          fill="none"
          stroke="currentColor"
          stroke-width="8"
          transform="matrix(.96157 0 0 .95989 1.9231 1.9198)"
        >
          <rect
            height="96"
            rx="19.2"
            ry="19.2"
            width="96"
            x="2"
            y="2"
          />
          <path
            d="m30 23.6 20 26.4 20-26.4zm20 26.4 20 26.4 20-26.4zm0 0h-40l20 26.4z"
          />
        </g>
      </svg>
      <div
        class="flex-1"
      />
      <button
        aria-checked="false"
        aria-label="Toggle theme"
        class="border-border relative inline-flex h-6 w-11 cursor-pointer items-center rounded-full border-2 transition-all focus:ring-2 focus:ring-black focus:ring-offset-2 focus:outline-none data-checked:bg-primary bg-white data-disabled:cursor-not-allowed data-disabled:opacity-50 group"
        data-headlessui-state=""
        id="headlessui-switch-:r0:"
        role="switch"
        tabindex="0"
        type="button"
      >
        <span
          class="border-border pointer-events-none flex h-4 w-4 items-center justify-center rounded-full border-2 bg-white ring-0 transition-transform [&>svg]:fill-white dark:[&>svg]:fill-black translate-x-1 group-data-checked:translate-x-5"
        >
          <svg
            aria-hidden="true"
            class="lucide lucide-sun text-foreground"
            fill="none"
            height="12"
            stroke="currentColor"
            stroke-linecap="round"
            stroke-linejoin="round"
            stroke-width="2"
            viewBox="0 0 24 24"
            width="12"
            xmlns="http://www.w3.org/2000/svg"
          >
            <circle
              cx="12"
              cy="12"
              r="4"
            />
            <path
              d="M12 2v2"
            />
            <path
              d="M12 20v2"
            />
            <path
              d="m4.93 4.93 1.41 1.41"
            />
            <path
              d="m17.66 17.66 1.41 1.41"
            />
            <path
              d="M2 12h2"
            />
            <path
              d="M20 12h2"
            />
            <path
              d="m6.34 17.66-1.41 1.41"
            />
            <path
              d="m19.07 4.93-1.41 1.41"
            />
          </svg>
        </span>
      </button>
    </header>
    <div
      class="bg-background-secondary relative grid h-full min-h-0 grid-cols-[auto_1fr_auto]"
    >
      <div
        class="bg-background-secondary border-border relative flex flex-col p-2 border-r-2"
      >
        <span
          class="mb-4 flex flex-row items-center justify-end"
        >
          <button
            class="inline-flex cursor-pointer items-center rounded transition-all disabled:cursor-not-allowed disabled:opacity-50 text-foreground bg-primary border-border shadow-shadow hover:translate-x-shadow-x hover:translate-y-shadow-y border-2 hover:shadow-none size-10 justify-center top-2 px-2 right-1"
            data-headlessui-state=""
            data-testid="sidebar-toggle-left"
            type="submit"
          >
            <svg
              aria-hidden="true"
              class="lucide lucide-panel-left"
              fill="none"
              height="24"
              stroke="currentColor"
              stroke-linecap="round"
              stroke-linejoin="round"
              stroke-width="2"
              viewBox="0 0 24 24"
              width="24"
              xmlns="http://www.w3.org/2000/svg"
            >
              <rect
                height="18"
                rx="2"
                width="18"
                x="3"
                y="3"
              />
              <path
                d="M9 3v18"
              />
            </svg>
          </button>
        </span>
        <div
          class="flex-1 overflow-hidden"
          style="opacity: 0; transform: translateX(-20px);"
        />
        <div
          class="absolute top-0 bottom-0 w-1 cursor-col-resize transition-colors right-0"
        />
      </div>
      <main
        class="bg-background-secondary overflow-auto"
        data-testid="player-workspace-main"
      />
      <div
        class="bg-background-secondary border-border relative flex flex-col p-2 border-l-2"
      >
        <span
          class="mb-4 flex flex-row items-center justify-start"
        >
          <button
            class="inline-flex cursor-pointer items-center rounded transition-all disabled:cursor-not-allowed disabled:opacity-50 text-foreground bg-primary border-border shadow-shadow hover:translate-x-shadow-x hover:translate-y-shadow-y border-2 hover:shadow-none size-10 justify-center top-2 px-2 left-1"
            data-headlessui-state=""
            data-testid="sidebar-toggle-right"
            type="submit"
          >
            <svg
              aria-hidden="true"
              class="lucide lucide-panel-right"
              fill="none"
              height="24"
              stroke="currentColor"
              stroke-linecap="round"
              stroke-linejoin="round"
              stroke-width="2"
              viewBox="0 0 24 24"
              width="24"
              xmlns="http://www.w3.org/2000/svg"
            >
              <rect
                height="18"
                rx="2"
                width="18"
                x="3"
                y="3"
              />
              <path
                d="M15 3v18"
              />
            </svg>
          </button>
        </span>
        <div
          class="flex-1 overflow-hidden"
          style="opacity: 0; transform: translateX(20px);"
        />
        <div
          class="absolute top-0 bottom-0 w-1 cursor-col-resize transition-colors left-0"
        />
      </div>
    </div>
    <footer
      class="bg-background border-border flex h-16 items-center border-t-2 px-4"
    />
  </div>
</DocumentFragment>
`;
