// Vitest Snapshot v1, https://vitest.dev/guide/snapshot.html

exports[`Card > (Snapshot) renders correctly 1`] = `
<div>
  <button
    class="cursor-pointer rounded-md transition-all disabled:cursor-not-allowed disabled:opacity-50 text-foreground bg-primary border-border shadow-shadow hover:translate-x-shadow-x hover:translate-y-shadow-y border-2 hover:shadow-none h-auto flex w-42 flex-col items-stretch gap-2 p-2 text-left"
    data-headlessui-state=""
    data-testid="card"
    type="submit"
  >
    <div
      class="border-border text-foreground flex h-full rounded-md border-2 bg-primary shadow-none relative aspect-square w-full items-center justify-center overflow-hidden p-0"
    >
      <div
        class="overflow-hidden absolute inset-0"
      >
        <img
          alt="Test album"
          class="h-full w-full object-cover"
          decoding="async"
          loading="lazy"
          src="https://picsum.photos/300"
        />
        <div
          class="pointer-events-none absolute inset-0 flex items-center justify-center"
        >
          <svg
            aria-hidden="true"
            class="lucide lucide-cassette-tape animate-pulse opacity-70"
            fill="none"
            height="96"
            stroke="currentColor"
            stroke-linecap="round"
            stroke-linejoin="round"
            stroke-width="0.5"
            viewBox="0 0 24 24"
            width="96"
            xmlns="http://www.w3.org/2000/svg"
          >
            <rect
              height="16"
              rx="2"
              width="20"
              x="2"
              y="4"
            />
            <circle
              cx="8"
              cy="10"
              r="2"
            />
            <path
              d="M8 12h8"
            />
            <circle
              cx="16"
              cy="10"
              r="2"
            />
            <path
              d="m6 20 .7-2.9A1.4 1.4 0 0 1 8.1 16h7.8a1.4 1.4 0 0 1 1.4 1l.7 3"
            />
          </svg>
        </div>
      </div>
    </div>
    <div
      class="min-w-0"
    >
      <div
        class="text-foreground truncate text-sm font-bold"
      >
        Test album
      </div>
      <div
        class="text-foreground-secondary truncate text-xs"
      >
        Test artist
      </div>
    </div>
  </button>
</div>
`;
